todo=733 parallel=3
2026-10-05T10:29:57Z Collections-26 COMPLETE_VALID wall=19.4
2026-10-05T10:30:27Z Compress-43 MUTATION_FAILURE wall=29.3
2026-10-05T10:30:29Z JacksonDatabind-66 MUTATION_FAILURE wall=51.2
2026-10-05T10:31:06Z JacksonDatabind-39 COMPLETE_VALID wall=38.7
2026-10-05T10:33:17Z JacksonCore-20 COMPLETE_VALID wall=168.0
2026-10-05T10:34:36Z Csv-5 COMPLETE_VALID wall=77.9
2026-10-05T10:34:43Z Cli-5 MUTATION_FAILURE wall=6.8
2026-10-05T10:35:30Z JacksonDatabind-86 MUTATION_FAILURE wall=46.4
2026-10-05T10:36:04Z Closure-59 MUTATION_FAILURE wall=297.6
2026-10-05T10:37:36Z Jsoup-12 COMPLETE_VALID wall=92.2
2026-10-05T10:43:19Z Jsoup-81 COMPLETE_VALID wall=342.2
2026-10-05T10:44:35Z Closure-172 MUTATION_FAILURE wall=544.5
2026-10-05T10:48:06Z Closure-70 MUTATION_FAILURE wall=286.9
2026-10-05T10:49:30Z Mockito-3 MUTATION_FAILURE wall=83.3
2026-10-05T10:50:25Z Math-43 COMPLETE_VALID wall=55.3
2026-10-05T10:50:39Z Jsoup-57 MUTATION_FAILURE wall=12.9
2026-10-05T10:52:03Z Math-57 COMPLETE_VALID wall=84.2
2026-10-05T10:54:25Z Jsoup-38 COMPLETE_VALID wall=1487.1
2026-10-05T10:54:36Z Cli-21 MUTATION_FAILURE wall=10.8
2026-10-05T10:55:42Z JacksonDatabind-97 MUTATION_FAILURE wall=66.0
2026-10-05T10:56:30Z JacksonDatabind-67 MUTATION_FAILURE wall=47.8
2026-10-05T10:59:06Z Compress-22 COMPLETE_VALID wall=155.4
2026-10-05T11:12:38Z Math-74 COMPLETE_VALID wall=811.9
2026-10-05T11:13:01Z Compress-11 COMPLETE_VALID wall=22.0
2026-10-05T11:14:20Z Jsoup-85 COMPLETE_VALID wall=78.6
2026-10-05T11:14:36Z JacksonCore-9 TIMEOUT wall=1800.9
2026-10-05T11:15:16Z JacksonDatabind-83 MUTATION_FAILURE wall=40.0
2026-10-05T11:15:41Z Math-102 COMPLETE_VALID wall=24.3
2026-10-05T11:21:51Z Jsoup-78 COMPLETE_VALID wall=369.9
2026-10-05T11:22:04Z Jsoup-91 TIMEOUT wall=1800.5
2026-10-05T11:31:26Z Closure-164 MUTATION_FAILURE wall=561.4
2026-10-05T11:32:03Z Chart-17 COMPLETE_VALID wall=36.2
2026-10-05T11:33:57Z Chart-18 COMPLETE_VALID wall=114.5
2026-10-05T11:35:07Z JacksonDatabind-111 MUTATION_FAILURE wall=69.5
2026-10-05T11:39:46Z Jsoup-44 COMPLETE_VALID wall=278.2
2026-10-05T11:41:00Z Csv-8 COMPLETE_VALID wall=73.6
2026-10-05T11:41:34Z Jsoup-23 COMPLETE_VALID wall=1634.1
2026-10-05T11:41:41Z JacksonDatabind-3 MUTATION_FAILURE wall=41.1
2026-10-05T11:42:16Z Math-21 COMPLETE_VALID wall=41.9
2026-10-05T11:42:27Z JacksonDatabind-11 MUTATION_FAILURE wall=45.3
2026-10-05T11:47:13Z Jsoup-46 COMPLETE_VALID wall=296.6
2026-10-05T11:51:53Z Time-15 TIMEOUT wall=1801.4
2026-10-05T11:52:02Z Codec-10 COMPLETE_VALID wall=8.3
2026-10-05T11:52:46Z Cli-15 COMPLETE_VALID wall=44.6
2026-10-05T11:54:41Z Compress-39 COMPLETE_VALID wall=114.5
2026-10-05T11:54:56Z Jsoup-20 COMPLETE_VALID wall=14.4
2026-10-05T11:55:42Z JacksonDatabind-99 MUTATION_FAILURE wall=45.4
2026-10-05T11:55:55Z Closure-43 MUTATION_FAILURE wall=521.6
2026-10-05T11:59:12Z Codec-13 COMPLETE_VALID wall=196.2
2026-10-05T12:00:05Z Math-40 COMPLETE_VALID wall=262.3
2026-10-05T12:01:17Z Mockito-37 COMPLETE_VALID wall=125.0
2026-10-05T12:03:06Z Chart-13 COMPLETE_VALID wall=180.7
2026-10-05T12:03:40Z Math-82 COMPLETE_VALID wall=34.2
2026-10-05T12:05:43Z Closure-145 MUTATION_FAILURE wall=264.9
2026-10-05T12:10:27Z Closure-68 MUTATION_FAILURE wall=283.7
2026-10-05T12:10:46Z Collections-15 COMPLETE_VALID wall=19.2
2026-10-05T12:12:28Z Closure-150 TIMEOUT wall=1800.8
2026-10-05T12:13:47Z Closure-101 COMPLETE_VALID wall=78.7
2026-10-05T12:14:48Z Mockito-7 MUTATION_FAILURE wall=60.3
2026-10-05T12:15:34Z Closure-104 MUTATION_FAILURE wall=287.1
2026-10-05T12:15:41Z Cli-10 MUTATION_FAILURE wall=6.6
2026-10-05T12:16:10Z JacksonCore-13 COMPLETE_VALID wall=28.9
2026-10-05T12:23:46Z Closure-165 MUTATION_FAILURE wall=537.5
2026-10-05T12:23:52Z Cli-27 MUTATION_FAILURE wall=5.8
2026-10-05T12:25:04Z JacksonCore-2 COMPLETE_VALID wall=1283.9
2026-10-05T12:33:08Z Closure-17 MUTATION_FAILURE wall=555.4
2026-10-05T12:33:42Z Time-11 COMPLETE_VALID wall=34.1
2026-10-05T12:33:47Z Closure-19 MUTATION_FAILURE wall=522.5
2026-10-05T12:38:57Z Closure-74 COMPLETE_VALID wall=1366.4
2026-10-05T12:39:11Z Gson-1 COMPLETE_VALID wall=14.1
2026-10-05T12:39:52Z Mockito-22 MUTATION_FAILURE wall=40.5
2026-10-05T12:42:57Z Closure-129 MUTATION_FAILURE wall=554.3
2026-10-05T12:45:03Z Closure-133 MUTATION_FAILURE wall=675.6
2026-10-05T12:50:50Z JacksonXml-2 COMPLETE_VALID wall=658.0
2026-10-05T13:12:58Z Jsoup-76 TIMEOUT wall=1800.5
2026-10-05T13:13:05Z Cli-3 COMPLETE_VALID wall=6.7
2026-10-05T13:15:05Z Closure-95 TIMEOUT wall=1800.9
2026-10-05T13:20:51Z Closure-13 TIMEOUT wall=1800.7
2026-10-05T13:21:07Z Gson-8 COMPLETE_VALID wall=15.0
2026-10-05T13:22:10Z JacksonCore-17 COMPLETE_VALID wall=544.7
2026-10-05T13:22:23Z Jsoup-65 MUTATION_FAILURE wall=12.7
2026-10-05T13:25:55Z Closure-83 COMPLETE_VALID wall=287.5
2026-10-05T13:29:30Z JacksonCore-26 COMPLETE_VALID wall=864.4
2026-10-05T13:34:12Z Closure-80 MUTATION_FAILURE wall=282.2
2026-10-05T13:37:37Z Jsoup-49 COMPLETE_VALID wall=702.2
2026-10-05T13:38:53Z Closure-73 MUTATION_FAILURE wall=280.5
2026-10-05T13:39:04Z Csv-6 COMPLETE_VALID wall=10.9
2026-10-05T13:39:17Z Mockito-11 BUILD_FAILURE wall=12.1
2026-10-05T13:39:24Z Cli-22 MUTATION_FAILURE wall=6.9
2026-10-05T13:40:26Z JacksonDatabind-100 MUTATION_FAILURE wall=61.2
2026-10-05T13:45:21Z JacksonDatabind-51 COMPLETE_VALID wall=295.3
2026-10-05T13:46:06Z JacksonDatabind-59 MUTATION_FAILURE wall=44.2
2026-10-05T13:46:40Z Closure-125 MUTATION_FAILURE wall=542.0
2026-10-05T13:47:32Z Chart-3 COMPLETE_VALID wall=52.0
2026-10-05T13:52:09Z Closure-81 MUTATION_FAILURE wall=276.5
2026-10-05T13:52:24Z Closure-14 TIMEOUT wall=1800.9
2026-10-05T13:52:55Z Csv-7 COMPLETE_VALID wall=45.4
2026-10-05T13:53:24Z JacksonDatabind-82 MUTATION_FAILURE wall=59.2
2026-10-05T13:54:13Z Math-65 COMPLETE_VALID wall=78.4
2026-10-05T14:02:14Z JacksonXml-6 COMPLETE_VALID wall=967.9
2026-10-05T14:02:49Z JacksonDatabind-72 MUTATION_FAILURE wall=34.0
2026-10-05T14:03:15Z Math-69 COMPLETE_VALID wall=25.5
2026-10-05T14:23:25Z Closure-106 TIMEOUT wall=1801.1
2026-10-05T14:24:14Z Time-17 TIMEOUT wall=1800.4
2026-10-05T14:24:17Z JacksonDatabind-29 COMPLETE_VALID wall=50.8
2026-10-05T14:28:13Z Jsoup-21 COMPLETE_VALID wall=236.3
2026-10-05T14:29:03Z JacksonDatabind-92 MUTATION_FAILURE wall=49.3
2026-10-05T14:29:21Z Collections-3 COMPLETE_VALID wall=17.3
2026-10-05T14:30:00Z Csv-4 COMPLETE_VALID wall=39.4
2026-10-05T14:31:04Z JacksonDatabind-112 MUTATION_FAILURE wall=63.5
2026-10-05T14:33:16Z Gson-13 TIMEOUT wall=1801.0
2026-10-05T14:33:28Z Closure-55 COMPLETE_VALID wall=143.6
2026-10-05T14:34:03Z JacksonDatabind-60 MUTATION_FAILURE wall=47.2
2026-10-05T14:34:06Z JacksonDatabind-69 MUTATION_FAILURE wall=37.5
2026-10-05T14:44:21Z Closure-6 MUTATION_FAILURE wall=617.4
2026-10-05T14:45:09Z JacksonDatabind-31 MUTATION_FAILURE wall=47.4
2026-10-05T14:54:15Z JacksonCore-25 TIMEOUT wall=1800.6
2026-10-05T14:57:08Z Closure-29 COMPLETE_VALID wall=718.8
2026-10-05T14:59:07Z Closure-38 MUTATION_FAILURE wall=291.4
2026-10-05T15:04:07Z Jsoup-4 TIMEOUT wall=1800.4
2026-10-05T15:07:42Z Closure-32 MUTATION_FAILURE wall=514.5
2026-10-05T15:08:29Z JacksonDatabind-58 MUTATION_FAILURE wall=46.5
2026-10-05T15:11:20Z Math-104 COMPLETE_VALID wall=170.7
2026-10-05T15:15:44Z Closure-77 MUTATION_FAILURE wall=263.5
2026-10-05T15:16:28Z Time-23 MUTATION_FAILURE wall=44.4
2026-10-05T15:27:09Z Time-18 TIMEOUT wall=1800.4
2026-10-05T15:27:55Z JacksonDatabind-62 MUTATION_FAILURE wall=45.7
2026-10-05T15:31:10Z JacksonXml-5 COMPLETE_VALID wall=194.2
2026-10-05T15:31:53Z Time-25 MUTATION_FAILURE wall=43.4
2026-10-05T15:32:30Z Jsoup-77 COMPLETE_VALID wall=36.4
2026-10-05T15:33:04Z JacksonDatabind-70 MUTATION_FAILURE wall=33.5
2026-10-05T15:34:08Z Closure-16 TIMEOUT wall=1800.7
2026-10-05T15:34:10Z Jsoup-11 COMPLETE_VALID wall=65.2
2026-10-05T15:38:46Z Closure-64 MUTATION_FAILURE wall=275.5
2026-10-05T15:39:31Z JacksonDatabind-44 MUTATION_FAILURE wall=45.3
2026-10-05T15:43:57Z Closure-76 COMPLETE_VALID wall=588.7
2026-10-05T15:44:00Z Closure-79 MUTATION_FAILURE wall=268.5
2026-10-05T15:45:03Z JacksonDatabind-101 MUTATION_FAILURE wall=65.8
2026-10-05T15:46:30Z Closure-102 TIMEOUT wall=1800.7
2026-10-05T15:51:21Z Closure-66 MUTATION_FAILURE wall=290.8
2026-10-05T15:51:37Z Collections-12 COMPLETE_VALID wall=15.8
2026-10-05T15:52:09Z Jsoup-86 COMPLETE_VALID wall=31.7
2026-10-05T15:52:51Z Math-76 COMPLETE_VALID wall=42.3
2026-10-05T15:53:50Z Math-24 COMPLETE_VALID wall=58.4
2026-10-05T15:54:11Z Closure-87 COMPLETE_VALID wall=547.0
2026-10-05T15:55:11Z Jsoup-75 COMPLETE_VALID wall=670.8
2026-10-05T15:56:35Z Mockito-20 MUTATION_FAILURE wall=83.4
2026-10-05T16:00:43Z Codec-5 COMPLETE_VALID wall=391.8
2026-10-05T16:01:21Z Math-100 COMPLETE_VALID wall=37.7
2026-10-05T16:02:08Z JacksonDatabind-78 MUTATION_FAILURE wall=47.1
2026-10-05T16:03:08Z Mockito-27 MUTATION_FAILURE wall=59.0
2026-10-05T16:03:45Z Compress-23 COMPLETE_VALID wall=37.2
2026-10-05T16:23:51Z Closure-138 TIMEOUT wall=1800.8
2026-10-05T16:24:34Z JacksonDatabind-22 MUTATION_FAILURE wall=41.8
2026-10-05T16:26:36Z Closure-159 TIMEOUT wall=1800.7
2026-10-05T16:29:17Z Closure-146 MUTATION_FAILURE wall=283.3
2026-10-05T16:30:48Z Csv-12 COMPLETE_VALID wall=91.0
2026-10-05T16:33:46Z Closure-40 TIMEOUT wall=1800.8
2026-10-05T16:34:35Z Time-19 MUTATION_FAILURE wall=47.9
2026-10-05T16:35:28Z Chart-6 COMPLETE_VALID wall=53.4
2026-10-05T16:35:36Z Cli-25 MUTATION_FAILURE wall=6.8
2026-10-05T16:36:02Z Chart-12 COMPLETE_VALID wall=25.7
2026-10-05T16:40:51Z Closure-136 COMPLETE_VALID wall=854.1
2026-10-05T16:43:06Z Math-73 COMPLETE_VALID wall=423.8
2026-10-05T16:43:31Z JacksonDatabind-9 MUTATION_FAILURE wall=25.0
2026-10-05T16:44:51Z Jsoup-3 COMPLETE_VALID wall=842.1
2026-10-05T16:51:57Z Closure-147 COMPLETE_VALID wall=425.9
2026-10-05T16:55:21Z Jsoup-32 COMPLETE_VALID wall=203.9
2026-10-05T16:56:08Z JacksonDatabind-30 MUTATION_FAILURE wall=45.7
2026-10-05T17:10:52Z Closure-20 TIMEOUT wall=1800.7
2026-10-05T17:13:32Z Time-8 TIMEOUT wall=1800.4
2026-10-05T17:15:42Z Compress-26 COMPLETE_VALID wall=290.2
2026-10-05T17:15:59Z JxPath-7 COMPLETE_VALID wall=16.2
2026-10-05T17:16:05Z Cli-29 MUTATION_FAILURE wall=6.3
2026-10-05T17:16:53Z JacksonDatabind-38 MUTATION_FAILURE wall=47.0
2026-10-05T17:17:08Z JxPath-11 COMPLETE_VALID wall=215.4
2026-10-05T17:19:50Z JacksonDatabind-88 COMPLETE_VALID wall=161.4
2026-10-05T17:20:36Z JacksonDatabind-85 MUTATION_FAILURE wall=46.5
2026-10-05T17:20:59Z Compress-12 COMPLETE_VALID wall=22.6
2026-10-05T17:21:44Z JacksonDatabind-63 MUTATION_FAILURE wall=44.2
2026-10-05T17:24:43Z Closure-170 COMPLETE_VALID wall=1714.6
2026-10-05T17:25:52Z Closure-118 MUTATION_FAILURE wall=538.6
2026-10-05T17:30:15Z Closure-47 MUTATION_FAILURE wall=510.2
2026-10-05T17:30:49Z Chart-25 COMPLETE_VALID wall=34.6
2026-10-05T17:31:49Z Collections-28 COMPLETE_VALID wall=356.6
2026-10-05T17:32:01Z Mockito-21 BUILD_FAILURE wall=11.6
2026-10-05T17:43:38Z Closure-12 COMPLETE_VALID wall=696.6
2026-10-05T17:43:38Z JacksonXml-3 COMPLETE_VALID wall=768.2
2026-10-05T17:48:36Z Closure-105 COMPLETE_VALID wall=1433.2
2026-10-05T17:48:52Z Codec-15 COMPLETE_VALID wall=15.6
2026-10-05T17:49:10Z JxPath-10 COMPLETE_VALID wall=17.6
2026-10-05T17:50:07Z JacksonCore-24 COMPLETE_VALID wall=388.9
2026-10-05T18:00:16Z Mockito-13 MUTATION_FAILURE wall=665.4
2026-10-05T18:01:04Z JacksonDatabind-87 MUTATION_FAILURE wall=47.8
2026-10-05T18:05:36Z Closure-86 MUTATION_FAILURE wall=271.5
2026-10-05T18:11:10Z Csv-15 COMPLETE_VALID wall=333.9
2026-10-05T18:11:30Z Chart-24 COMPLETE_VALID wall=19.6
2026-10-05T18:13:39Z Closure-113 TIMEOUT wall=1800.8
2026-10-05T18:14:43Z Compress-15 COMPLETE_VALID wall=63.6
2026-10-05T18:20:09Z Closure-36 TIMEOUT wall=1800.7
2026-10-05T18:25:11Z Closure-82 MUTATION_FAILURE wall=301.6
2026-10-05T18:27:36Z JxPath-14 COMPLETE_VALID wall=144.5
2026-10-05T18:29:04Z Jsoup-7 COMPLETE_VALID wall=88.1
2026-10-05T18:29:40Z Jsoup-15 COMPLETE_VALID wall=1089.8
2026-10-05T18:30:13Z JacksonCore-11 COMPLETE_VALID wall=929.4
2026-10-05T18:30:42Z Cli-35 COMPLETE_VALID wall=29.1
2026-10-05T18:30:55Z Jsoup-60 MUTATION_FAILURE wall=12.2
2026-10-05T18:34:00Z Closure-44 MUTATION_FAILURE wall=295.7
2026-10-05T18:36:16Z Closure-131 MUTATION_FAILURE wall=321.0
2026-10-05T18:37:31Z Mockito-4 MUTATION_FAILURE wall=74.6
2026-10-05T18:40:23Z Closure-53 COMPLETE_VALID wall=642.2
2026-10-05T18:48:54Z Closure-174 MUTATION_FAILURE wall=510.2
2026-10-05T19:02:20Z JxPath-4 COMPLETE_VALID wall=805.8
2026-10-05T19:04:01Z Closure-121 TIMEOUT wall=1800.6
2026-10-05T19:04:14Z Chart-11 COMPLETE_VALID wall=113.7
2026-10-05T19:04:35Z JacksonDatabind-64 MUTATION_FAILURE wall=33.4
2026-10-05T19:04:52Z Math-103 COMPLETE_VALID wall=16.7
2026-10-05T19:07:32Z Time-6 TIMEOUT wall=1800.4
2026-10-05T19:08:35Z JacksonDatabind-96 MUTATION_FAILURE wall=62.4
2026-10-05T19:12:29Z Codec-8 COMPLETE_VALID wall=456.4
2026-10-05T19:17:09Z Chart-26 COMPLETE_VALID wall=775.1
todo=512 parallel=3
todo=512 parallel=3
2026-10-05T19:25:13Z Codec-7 COMPLETE_VALID wall=433.3
2026-10-05T19:25:18Z Jsoup-82 COMPLETE_VALID wall=438.6
2026-10-05T19:28:17Z Closure-151 COMPLETE_VALID wall=183.5
2026-10-05T19:35:34Z JacksonDatabind-107 COMPLETE_VALID wall=436.5
2026-10-05T19:35:41Z Cli-40 COMPLETE_VALID wall=6.8
2026-10-05T19:35:43Z JxPath-12 COMPLETE_VALID wall=624.6
2026-10-05T19:36:20Z JacksonDatabind-56 MUTATION_FAILURE wall=38.3
2026-10-05T19:41:15Z Jsoup-35 COMPLETE_VALID wall=1395.9
2026-10-05T19:42:49Z Compress-21 COMPLETE_VALID wall=92.9
2026-10-05T19:57:19Z Closure-78 COMPLETE_VALID wall=1295.4
2026-10-05T19:58:21Z Mockito-8 MUTATION_FAILURE wall=61.7
2026-10-05T20:06:20Z Jsoup-9 TIMEOUT wall=1800.4
2026-10-05T20:06:38Z Chart-2 COMPLETE_VALID wall=496.3
2026-10-05T20:07:19Z Csv-3 COMPLETE_VALID wall=58.4
2026-10-05T20:12:50Z Closure-3 TIMEOUT wall=1800.6
2026-10-05T20:14:29Z Compress-20 COMPLETE_VALID wall=98.4
2026-10-05T20:16:05Z Closure-18 MUTATION_FAILURE wall=525.6
2026-10-05T20:16:12Z Cli-7 COMPLETE_VALID wall=6.9
2026-10-05T20:16:52Z JacksonDatabind-6 MUTATION_FAILURE wall=39.5
2026-10-05T20:17:39Z JacksonDatabind-49 COMPLETE_VALID wall=45.9
2026-10-05T20:21:55Z Time-16 COMPLETE_VALID wall=446.3
2026-10-05T20:23:01Z JacksonDatabind-104 MUTATION_FAILURE wall=65.6
2026-10-05T20:23:47Z Jsoup-80 COMPLETE_VALID wall=45.3
2026-10-05T20:25:14Z Mockito-1 MUTATION_FAILURE wall=87.3
2026-10-05T20:25:47Z Compress-40 COMPLETE_VALID wall=32.4
2026-10-05T20:26:05Z Time-7 COMPLETE_VALID wall=505.9
2026-10-05T20:26:23Z Math-25 COMPLETE_VALID wall=35.6
2026-10-05T20:26:56Z JacksonDatabind-45 MUTATION_FAILURE wall=50.6
2026-10-05T20:27:48Z JacksonDatabind-79 MUTATION_FAILURE wall=51.4
2026-10-05T20:28:13Z Math-86 COMPLETE_VALID wall=25.0
2026-10-05T20:31:05Z Closure-141 MUTATION_FAILURE wall=281.3
2026-10-05T20:36:39Z Closure-132 TIMEOUT wall=1800.6
2026-10-05T20:38:03Z Compress-10 COMPLETE_VALID wall=83.9
2026-10-05T20:38:55Z Closure-58 COMPLETE_VALID wall=641.7
2026-10-05T20:43:35Z Closure-61 MUTATION_FAILURE wall=279.4
2026-10-05T20:48:57Z Closure-97 COMPLETE_VALID wall=321.3
2026-10-05T20:53:39Z Closure-69 MUTATION_FAILURE wall=282.5
2026-10-05T20:54:57Z Mockito-6 MUTATION_FAILURE wall=77.0
2026-10-05T21:01:06Z Closure-112 TIMEOUT wall=1801.1
2026-10-05T21:08:04Z Jsoup-6 TIMEOUT wall=1800.6
2026-10-05T21:08:45Z Compress-32 COMPLETE_VALID wall=458.3
2026-10-05T21:10:49Z Compress-24 COMPLETE_VALID wall=164.5
2026-10-05T21:21:05Z Closure-42 MUTATION_FAILURE wall=739.7
2026-10-05T21:22:14Z JacksonDatabind-34 MUTATION_FAILURE wall=67.7
2026-10-05T21:23:07Z JacksonDatabind-76 MUTATION_FAILURE wall=52.7
2026-10-05T21:24:58Z Chart-19 TIMEOUT wall=1800.8
2026-10-05T21:25:05Z Mockito-19 MUTATION_FAILURE wall=117.7
2026-10-05T21:25:46Z JacksonDatabind-32 MUTATION_FAILURE wall=47.2
2026-10-05T21:26:02Z Collections-7 COMPLETE_VALID wall=15.7
2026-10-05T21:26:02Z JacksonCore-7 COMPLETE_VALID wall=56.7
2026-10-05T21:30:18Z Compress-25 COMPLETE_VALID wall=255.5
2026-10-05T21:30:38Z Chart-10 MUTATION_FAILURE wall=19.5
2026-10-05T21:30:58Z Collections-16 COMPLETE_VALID wall=19.9
2026-10-05T21:31:38Z Chart-9 COMPLETE_VALID wall=39.3
2026-10-05T21:31:52Z Jsoup-16 COMPLETE_VALID wall=13.5
2026-10-05T21:32:59Z JacksonDatabind-102 MUTATION_FAILURE wall=66.1
2026-10-05T21:40:51Z Jsoup-70 TIMEOUT wall=1801.1
2026-10-05T21:42:55Z Closure-11 MUTATION_FAILURE wall=595.6
2026-10-05T21:44:54Z Compress-42 COMPLETE_VALID wall=119.0
2026-10-05T21:45:10Z Jsoup-40 COMPLETE_VALID wall=15.3
2026-10-05T21:56:03Z Closure-114 TIMEOUT wall=1800.9
2026-10-05T21:56:10Z Cli-1 MUTATION_FAILURE wall=6.8
2026-10-05T21:58:58Z JxPath-19 COMPLETE_VALID wall=1086.9
2026-10-05T22:01:43Z Closure-91 COMPLETE_VALID wall=332.7
2026-10-05T22:01:57Z Gson-17 COMPLETE_VALID wall=13.3
2026-10-05T22:04:34Z JxPath-1 COMPLETE_VALID wall=156.4
2026-10-05T22:10:46Z Compress-45 COMPLETE_VALID wall=708.2
2026-10-05T22:15:11Z Closure-1 TIMEOUT wall=1800.7
2026-10-05T22:34:35Z Closure-116 TIMEOUT wall=1800.7
2026-10-05T22:35:21Z JacksonDatabind-68 MUTATION_FAILURE wall=45.8
2026-10-05T22:38:25Z Closure-23 COMPLETE_VALID wall=1393.8
2026-10-05T22:38:57Z JacksonDatabind-40 MUTATION_FAILURE wall=31.9
2026-10-05T22:39:10Z Codec-18 COMPLETE_VALID wall=12.7
2026-10-05T22:39:28Z Jsoup-30 COMPLETE_VALID wall=17.5
2026-10-05T22:40:02Z Closure-155 MUTATION_FAILURE wall=281.0
2026-10-05T22:40:48Z Math-80 TIMEOUT wall=1800.9
2026-10-05T22:40:52Z Compress-18 COMPLETE_VALID wall=49.5
2026-10-05T22:41:25Z Cli-37 COMPLETE_VALID wall=32.7
2026-10-05T22:41:36Z JxPath-2 COMPLETE_VALID wall=47.8
2026-10-05T22:41:52Z Math-35 COMPLETE_VALID wall=26.7
2026-10-05T22:43:21Z JacksonCore-14 COMPLETE_VALID wall=88.4
2026-10-05T22:45:34Z Cli-31 COMPLETE_VALID wall=132.0
2026-10-05T22:45:49Z Csv-13 COMPLETE_VALID wall=379.8
2026-10-05T22:46:30Z Time-20 MUTATION_FAILURE wall=41.1
2026-10-05T22:47:34Z Chart-5 COMPLETE_VALID wall=63.5
2026-10-05T22:52:34Z Mockito-34 MUTATION_FAILURE wall=657.5
2026-10-05T22:54:34Z Codec-9 COMPLETE_VALID wall=420.2
2026-10-05T22:56:28Z Closure-167 MUTATION_FAILURE wall=654.5
2026-10-05T22:57:21Z Mockito-23 MUTATION_FAILURE wall=51.9
2026-10-05T22:58:00Z JacksonDatabind-4 MUTATION_FAILURE wall=39.2
2026-10-05T22:58:26Z Jsoup-19 COMPLETE_VALID wall=25.3
2026-10-05T23:00:30Z Compress-27 COMPLETE_VALID wall=123.7
2026-10-05T23:01:27Z Csv-16 COMPLETE_VALID wall=56.1
2026-10-05T23:01:33Z Cli-8 MUTATION_FAILURE wall=5.5
2026-10-05T23:10:08Z Closure-22 MUTATION_FAILURE wall=515.0
2026-10-05T23:15:11Z Closure-94 MUTATION_FAILURE wall=302.2
2026-10-05T23:20:54Z Closure-140 MUTATION_FAILURE wall=342.6
2026-10-05T23:21:10Z Jsoup-63 MUTATION_FAILURE wall=16.1
2026-10-05T23:22:35Z Closure-24 TIMEOUT wall=1800.9
2026-10-05T23:22:35Z JacksonDatabind-106 MUTATION_FAILURE wall=84.2
2026-10-05T23:23:40Z JacksonDatabind-25 MUTATION_FAILURE wall=64.7
2026-10-05T23:24:19Z Jsoup-88 COMPLETE_VALID wall=103.6
2026-10-05T23:24:36Z Chart-4 TIMEOUT wall=1801.0
2026-10-05T23:24:56Z Jsoup-93 COMPLETE_VALID wall=36.2
2026-10-05T23:28:07Z Codec-3 COMPLETE_VALID wall=190.8
2026-10-05T23:29:35Z Closure-52 MUTATION_FAILURE wall=298.7
2026-10-05T23:29:49Z Cli-16 MUTATION_FAILURE wall=13.1
2026-10-05T23:34:21Z Closure-96 MUTATION_FAILURE wall=272.1
2026-10-05T23:36:36Z Time-5 COMPLETE_VALID wall=134.9
2026-10-05T23:37:45Z Closure-166 MUTATION_FAILURE wall=577.3
2026-10-05T23:39:40Z JacksonCore-10 COMPLETE_VALID wall=959.5
2026-10-05T23:41:24Z JxPath-17 COMPLETE_VALID wall=219.4
2026-10-05T23:42:04Z JacksonDatabind-17 MUTATION_FAILURE wall=39.4
2026-10-05T23:45:10Z Closure-143 COMPLETE_VALID wall=330.0
2026-10-05T23:48:33Z JxPath-22 COMPLETE_VALID wall=716.4
2026-10-05T23:49:40Z Closure-153 MUTATION_FAILURE wall=268.9
2026-10-05T23:50:26Z Closure-88 COMPLETE_VALID wall=501.6
2026-10-05T23:50:52Z Chart-16 COMPLETE_VALID wall=25.7
2026-10-05T23:51:12Z Codec-2 COMPLETE_VALID wall=158.4
2026-10-05T23:59:24Z Closure-120 MUTATION_FAILURE wall=511.9
2026-10-06T00:04:32Z Time-2 COMPLETE_VALID wall=799.9
2026-10-06T00:19:40Z Math-63 TIMEOUT wall=1800.4
2026-10-06T00:20:11Z Jsoup-39 COMPLETE_VALID wall=29.9
2026-10-06T00:29:26Z Closure-30 TIMEOUT wall=1800.7
2026-10-06T00:31:54Z JxPath-9 COMPLETE_VALID wall=148.0
2026-10-06T00:32:10Z Collections-25 COMPLETE_VALID wall=15.8
2026-10-06T00:32:18Z Cli-20 MUTATION_FAILURE wall=7.4
2026-10-06T00:34:33Z Jsoup-68 TIMEOUT wall=1800.5
2026-10-06T00:35:17Z JacksonDatabind-105 MUTATION_FAILURE wall=43.4
2026-10-06T00:37:00Z Closure-162 MUTATION_FAILURE wall=281.7
2026-10-06T00:37:07Z Cli-28 MUTATION_FAILURE wall=6.4
2026-10-06T00:40:47Z JxPath-18 COMPLETE_VALID wall=219.9
2026-10-06T00:46:03Z Math-51 COMPLETE_VALID wall=315.6
2026-10-06T00:46:49Z JacksonDatabind-84 MUTATION_FAILURE wall=45.6
2026-10-06T00:47:23Z JacksonDatabind-8 MUTATION_FAILURE wall=33.1
2026-10-06T00:49:40Z Math-36 COMPLETE_VALID wall=137.1
2026-10-06T00:49:53Z Jsoup-59 MUTATION_FAILURE wall=12.5
2026-10-06T00:50:12Z Math-38 TIMEOUT wall=1800.6
2026-10-06T00:54:59Z Closure-57 MUTATION_FAILURE wall=286.7
2026-10-06T00:58:34Z Closure-41 MUTATION_FAILURE wall=520.6
2026-10-06T00:59:14Z JacksonDatabind-7 MUTATION_FAILURE wall=39.5
2026-10-06T01:00:35Z Csv-10 COMPLETE_VALID wall=81.1
2026-10-06T01:04:18Z Jsoup-18 COMPLETE_VALID wall=559.4
2026-10-06T01:05:18Z Time-13 TIMEOUT wall=1800.8
2026-10-06T01:05:46Z Codec-12 COMPLETE_VALID wall=87.7
2026-10-06T01:07:38Z Math-55 COMPLETE_VALID wall=422.6
2026-10-06T01:11:51Z Jsoup-5 COMPLETE_VALID wall=364.2
2026-10-06T01:12:25Z Cli-38 COMPLETE_VALID wall=34.1
2026-10-06T01:12:37Z JacksonCore-6 COMPLETE_VALID wall=10.7
2026-10-06T01:13:36Z Codec-4 COMPLETE_VALID wall=357.7
2026-10-06T01:20:10Z Mockito-36 MUTATION_FAILURE wall=453.2
2026-10-06T01:21:16Z JacksonDatabind-91 MUTATION_FAILURE wall=65.9
2026-10-06T01:21:33Z Compress-2 COMPLETE_VALID wall=15.7
2026-10-06T01:25:28Z Mockito-14 MUTATION_FAILURE wall=711.0
2026-10-06T01:27:01Z Cli-13 COMPLETE_VALID wall=92.6
2026-10-06T01:27:19Z Closure-75 MUTATION_FAILURE wall=345.9
2026-10-06T01:27:46Z JxPath-3 COMPLETE_VALID wall=26.8
2026-10-06T01:29:29Z Jsoup-52 COMPLETE_VALID wall=102.4
2026-10-06T01:30:05Z JacksonCore-23 COMPLETE_VALID wall=36.0
2026-10-06T01:30:13Z Cli-18 MUTATION_FAILURE wall=7.2
2026-10-06T01:30:59Z JacksonDatabind-61 MUTATION_FAILURE wall=46.3
2026-10-06T01:31:34Z JacksonDatabind-42 MUTATION_FAILURE wall=34.2
2026-10-06T01:32:12Z Closure-157 MUTATION_FAILURE wall=310.9
2026-10-06T01:33:13Z Math-87 COMPLETE_VALID wall=60.3
2026-10-06T01:34:53Z JxPath-6 COMPLETE_VALID wall=99.5
2026-10-06T01:35:19Z Jsoup-83 TIMEOUT wall=1800.5
2026-10-06T01:36:31Z Closure-62 MUTATION_FAILURE wall=297.0
2026-10-06T01:46:08Z Closure-26 MUTATION_FAILURE wall=576.6
2026-10-06T01:52:27Z Closure-56 MUTATION_FAILURE wall=377.6
2026-10-06T02:04:54Z Closure-130 TIMEOUT wall=1801.0
2026-10-06T02:05:10Z Codec-17 COMPLETE_VALID wall=15.7
2026-10-06T02:05:20Z Mockito-33 TIMEOUT wall=1800.8
2026-10-06T02:05:38Z Gson-6 COMPLETE_VALID wall=17.8
2026-10-06T02:06:26Z Compress-31 COMPLETE_VALID wall=839.1
2026-10-06T02:06:38Z Math-106 COMPLETE_VALID wall=12.0
2026-10-06T02:10:05Z Closure-144 MUTATION_FAILURE wall=294.0
2026-10-06T02:10:51Z JacksonDatabind-48 MUTATION_FAILURE wall=45.9
2026-10-06T02:11:27Z JacksonDatabind-93 MUTATION_FAILURE wall=35.3
2026-10-06T02:16:20Z Mockito-17 MUTATION_FAILURE wall=640.8
2026-10-06T02:21:15Z Closure-48 MUTATION_FAILURE wall=588.0
2026-10-06T02:23:07Z JxPath-21 COMPLETE_VALID wall=111.2
2026-10-06T02:23:21Z Compress-44 MUTATION_FAILURE wall=13.7
2026-10-06T02:28:59Z Closure-8 COMPLETE_VALID wall=759.0
2026-10-06T02:29:10Z Gson-5 COMPLETE_VALID wall=10.9
2026-10-06T02:29:28Z Collections-21 COMPLETE_VALID wall=16.9
2026-10-06T02:30:08Z JacksonDatabind-10 MUTATION_FAILURE wall=40.1
2026-10-06T02:30:30Z Codec-11 COMPLETE_VALID wall=21.7
2026-10-06T02:30:47Z Collections-18 COMPLETE_VALID wall=15.8
2026-10-06T02:31:54Z JacksonDatabind-103 MUTATION_FAILURE wall=66.9
2026-10-06T02:34:00Z Closure-107 COMPLETE_VALID wall=1641.7
2026-10-06T02:34:54Z JacksonDatabind-18 COMPLETE_VALID wall=53.4
2026-10-06T02:35:37Z JacksonDatabind-27 MUTATION_FAILURE wall=42.8
2026-10-06T02:36:40Z Closure-160 MUTATION_FAILURE wall=286.1
2026-10-06T02:37:24Z JacksonDatabind-75 MUTATION_FAILURE wall=43.7
2026-10-06T02:37:33Z Cli-14 MUTATION_FAILURE wall=8.0
2026-10-06T02:37:49Z Jsoup-48 COMPLETE_VALID wall=16.0
2026-10-06T02:39:18Z Gson-10 COMPLETE_VALID wall=220.6
2026-10-06T02:46:58Z Jsoup-10 COMPLETE_VALID wall=459.5
2026-10-06T02:48:09Z Codec-14 COMPLETE_VALID wall=619.3
2026-10-06T02:48:43Z JacksonCore-21 COMPLETE_VALID wall=34.0
2026-10-06T02:49:03Z Collections-5 COMPLETE_VALID wall=19.2
2026-10-06T02:49:52Z Mockito-24 MUTATION_FAILURE wall=48.5
2026-10-06T02:53:22Z Closure-119 TIMEOUT wall=1800.7
2026-10-06T02:57:39Z Closure-149 MUTATION_FAILURE wall=257.0
2026-10-06T02:57:47Z Cli-2 MUTATION_FAILURE wall=7.1
2026-10-06T03:02:34Z Closure-128 MUTATION_FAILURE wall=286.6
2026-10-06T03:08:00Z Closure-85 COMPLETE_VALID wall=326.0
2026-10-06T03:08:13Z Jsoup-58 MUTATION_FAILURE wall=12.2
2026-10-06T03:11:19Z Time-12 COMPLETE_VALID wall=186.0
2026-10-06T03:13:18Z Closure-9 COMPLETE_VALID wall=118.6
2026-10-06T03:16:59Z Closure-35 TIMEOUT wall=1800.7
2026-10-06T03:17:16Z Jsoup-84 COMPLETE_VALID wall=16.1
2026-10-06T03:19:53Z Closure-103 TIMEOUT wall=1800.7
2026-10-06T03:20:09Z Jsoup-8 COMPLETE_VALID wall=411.0
2026-10-06T03:20:55Z Time-22 COMPLETE_VALID wall=218.5
2026-10-06T03:21:21Z Jsoup-89 COMPLETE_VALID wall=70.8
2026-10-06T03:21:28Z Cli-19 MUTATION_FAILURE wall=7.5
2026-10-06T03:21:33Z Gson-18 MUTATION_FAILURE wall=4.5
2026-10-06T03:21:41Z Mockito-38 COMPLETE_VALID wall=46.2
2026-10-06T03:29:51Z Jsoup-33 COMPLETE_VALID wall=497.0
2026-10-06T03:30:33Z JacksonDatabind-73 MUTATION_FAILURE wall=41.9
2026-10-06T03:30:42Z JacksonCore-5 COMPLETE_VALID wall=8.6
2026-10-06T03:31:06Z Compress-8 COMPLETE_VALID wall=23.7
2026-10-06T03:31:49Z JacksonDatabind-50 MUTATION_FAILURE wall=42.7
2026-10-06T03:31:59Z JxPath-5 COMPLETE_VALID wall=617.8
2026-10-06T03:32:01Z Collections-4 COMPLETE_VALID wall=11.4
2026-10-06T03:32:22Z JxPath-13 COMPLETE_VALID wall=748.8
2026-10-06T03:32:53Z Mockito-28 COMPLETE_VALID wall=53.1
2026-10-06T03:36:43Z Closure-50 COMPLETE_VALID wall=281.5
2026-10-06T03:39:04Z Csv-14 COMPLETE_VALID wall=371.0
2026-10-06T03:48:43Z Closure-4 MUTATION_FAILURE wall=578.0
2026-10-06T03:48:53Z Jsoup-54 COMPLETE_VALID wall=10.2
2026-10-06T03:50:53Z Closure-72 COMPLETE_VALID wall=1110.8
2026-10-06T03:51:22Z JacksonDatabind-54 MUTATION_FAILURE wall=28.1
2026-10-06T03:51:59Z JacksonDatabind-15 MUTATION_FAILURE wall=36.8
2026-10-06T03:56:19Z Closure-148 COMPLETE_VALID wall=445.6
2026-10-06T04:00:36Z Closure-33 MUTATION_FAILURE wall=516.6
2026-10-06T04:01:10Z Codec-1 COMPLETE_VALID wall=33.5
2026-10-06T04:01:46Z JacksonDatabind-14 MUTATION_FAILURE wall=36.3
2026-10-06T04:02:28Z JacksonDatabind-23 MUTATION_FAILURE wall=41.3
2026-10-06T04:02:43Z Compress-33 COMPLETE_VALID wall=15.0
2026-10-06T04:02:59Z Collections-19 COMPLETE_VALID wall=15.0
2026-10-06T04:03:12Z Jsoup-53 COMPLETE_VALID wall=412.2
2026-10-06T04:03:55Z JacksonDatabind-47 MUTATION_FAILURE wall=42.6
2026-10-06T04:04:07Z Collections-2 COMPLETE_VALID wall=11.8
2026-10-06T04:05:23Z Collections-8 COMPLETE_VALID wall=144.0
2026-10-06T04:05:33Z Csv-9 COMPLETE_VALID wall=9.1
2026-10-06T04:06:03Z JacksonDatabind-98 COMPLETE_VALID wall=115.5
2026-10-06T04:06:44Z Closure-139 TIMEOUT wall=1800.7
2026-10-06T04:15:20Z Jsoup-24 COMPLETE_VALID wall=587.3
2026-10-06T04:15:41Z JacksonDatabind-55 MUTATION_FAILURE wall=20.3
2026-10-06T04:15:50Z Compress-1 COMPLETE_VALID wall=8.7
2026-10-06T04:20:04Z Closure-158 MUTATION_FAILURE wall=253.9
2026-10-06T04:20:46Z JacksonDatabind-35 COMPLETE_VALID wall=41.2
2026-10-06T04:21:07Z Compress-6 COMPLETE_VALID wall=20.7
2026-10-06T04:21:42Z JxPath-15 COMPLETE_VALID wall=34.7
2026-10-06T04:26:22Z Closure-54 MUTATION_FAILURE wall=279.1
2026-10-06T04:26:35Z Jsoup-64 MUTATION_FAILURE wall=12.7
2026-10-06T04:36:04Z Closure-49 TIMEOUT wall=1800.7
2026-10-06T04:36:22Z JxPath-20 COMPLETE_VALID wall=17.2
2026-10-06T04:36:27Z Gson-14 MUTATION_FAILURE wall=4.4
2026-10-06T04:36:45Z Closure-98 TIMEOUT wall=1800.6
2026-10-06T04:36:46Z Compress-16 COMPLETE_VALID wall=19.5
2026-10-06T04:37:22Z Math-96 COMPLETE_VALID wall=35.4
2026-10-06T04:38:51Z Math-42 COMPLETE_VALID wall=125.5
2026-10-06T04:47:36Z Closure-117 MUTATION_FAILURE wall=524.9
2026-10-06T04:47:49Z Collections-17 COMPLETE_VALID wall=12.9
2026-10-06T04:50:42Z JacksonXml-4 COMPLETE_VALID wall=172.8
2026-10-06T04:56:36Z Jsoup-87 TIMEOUT wall=1800.6
2026-10-06T04:56:54Z Jsoup-1 COMPLETE_VALID wall=18.2
2026-10-06T05:07:23Z Chart-15 TIMEOUT wall=1800.7
2026-10-06T05:07:39Z Jsoup-45 COMPLETE_VALID wall=1016.0
2026-10-06T05:07:45Z Cli-17 MUTATION_FAILURE wall=6.1
2026-10-06T05:08:23Z JacksonDatabind-109 MUTATION_FAILURE wall=58.9
2026-10-06T05:08:33Z Mockito-26 MUTATION_FAILURE wall=47.5
2026-10-06T05:08:45Z JacksonDatabind-1 MUTATION_FAILURE wall=22.1
2026-10-06T05:13:20Z Closure-46 COMPLETE_VALID wall=274.4
2026-10-06T05:21:08Z Closure-126 COMPLETE_VALID wall=467.6
2026-10-06T05:21:14Z Cli-30 MUTATION_FAILURE wall=5.6
2026-10-06T05:24:12Z Chart-1 COMPLETE_VALID wall=177.7
2026-10-06T05:26:55Z Closure-45 TIMEOUT wall=1800.7
2026-10-06T05:27:52Z Mockito-5 MUTATION_FAILURE wall=56.1
2026-10-06T05:28:13Z Chart-8 COMPLETE_VALID wall=20.5
2026-10-06T05:28:23Z Compress-3 COMPLETE_VALID wall=10.1
2026-10-06T05:33:36Z Mockito-16 MUTATION_FAILURE wall=563.5
2026-10-06T05:35:20Z Closure-163 COMPLETE_VALID wall=1606.8
2026-10-06T05:43:58Z Closure-109 MUTATION_FAILURE wall=517.0
2026-10-06T05:45:01Z Compress-13 COMPLETE_VALID wall=62.8
2026-10-06T05:45:13Z Collections-14 COMPLETE_VALID wall=12.0
2026-10-06T05:46:10Z JacksonDatabind-108 MUTATION_FAILURE wall=55.9
2026-10-06T05:49:03Z Closure-5 COMPLETE_VALID wall=926.5
2026-10-06T05:49:07Z Gson-16 MUTATION_FAILURE wall=4.0
2026-10-06T05:58:24Z Closure-156 TIMEOUT wall=1800.6
2026-10-06T06:05:34Z Math-78 COMPLETE_VALID wall=429.5
2026-10-06T06:05:36Z JxPath-16 COMPLETE_VALID wall=988.8
2026-10-06T06:06:10Z Compress-34 COMPLETE_VALID wall=33.9
2026-10-06T06:10:04Z Closure-65 MUTATION_FAILURE wall=269.6
2026-10-06T06:10:16Z Jsoup-66 MUTATION_FAILURE wall=11.2
2026-10-06T06:10:32Z Time-27 COMPLETE_VALID wall=1461.6
2026-10-06T06:15:20Z Closure-39 MUTATION_FAILURE wall=549.0
2026-10-06T06:16:09Z Compress-41 COMPLETE_VALID wall=353.5
2026-10-06T06:21:06Z Closure-28 COMPLETE_VALID wall=296.0
2026-10-06T06:30:04Z Jsoup-22 COMPLETE_VALID wall=883.6
2026-10-06T06:30:22Z Compress-9 COMPLETE_VALID wall=17.6
2026-10-06T06:30:38Z Jsoup-26 COMPLETE_VALID wall=16.2
2026-10-06T06:31:20Z JacksonDatabind-12 MUTATION_FAILURE wall=41.5
2026-10-06T06:33:08Z Closure-127 COMPLETE_VALID wall=1356.2
2026-10-06T06:33:22Z Jsoup-55 MUTATION_FAILURE wall=13.3
2026-10-06T06:37:48Z Jsoup-28 COMPLETE_VALID wall=1001.6
2026-10-06T06:38:26Z Closure-135 MUTATION_FAILURE wall=303.7
2026-10-06T06:38:55Z Mockito-12 COMPLETE_VALID wall=29.1
2026-10-06T06:40:25Z Mockito-18 MUTATION_FAILURE wall=88.9
2026-10-06T06:41:08Z JacksonDatabind-20 MUTATION_FAILURE wall=42.6
2026-10-06T06:41:54Z JacksonDatabind-19 MUTATION_FAILURE wall=45.7
2026-10-06T06:42:09Z Jsoup-56 MUTATION_FAILURE wall=15.0
2026-10-06T06:42:36Z Cli-36 COMPLETE_VALID wall=26.8
2026-10-06T06:42:51Z Collections-10 COMPLETE_VALID wall=14.0
2026-10-06T06:53:29Z Closure-169 MUTATION_FAILURE wall=638.1
2026-10-06T06:53:50Z Mockito-35 MUTATION_FAILURE wall=20.7
2026-10-06T06:54:15Z Math-34 COMPLETE_VALID wall=24.5
2026-10-06T06:54:47Z JacksonDatabind-94 MUTATION_FAILURE wall=31.5
2026-10-06T06:55:33Z JacksonDatabind-37 MUTATION_FAILURE wall=45.6
2026-10-06T06:55:40Z Cli-23 MUTATION_FAILURE wall=7.0
2026-10-06T07:01:21Z Closure-142 TIMEOUT wall=1800.7
2026-10-06T07:02:28Z Compress-5 COMPLETE_VALID wall=66.2
2026-10-06T07:07:49Z Jsoup-71 TIMEOUT wall=1800.7
2026-10-06T07:22:11Z Time-24 COMPLETE_VALID wall=861.6
2026-10-06T07:22:56Z Math-22 COMPLETE_VALID wall=44.5
2026-10-06T07:25:41Z Math-79 TIMEOUT wall=1800.4
2026-10-06T07:26:45Z Mockito-2 MUTATION_FAILURE wall=63.1
2026-10-06T07:29:04Z JacksonDatabind-74 COMPLETE_VALID wall=139.2
2026-10-06T07:32:29Z JacksonCore-19 TIMEOUT wall=1801.1
2026-10-06T07:47:50Z Math-68 COMPLETE_VALID wall=920.2
2026-10-06T07:52:57Z Closure-108 TIMEOUT wall=1800.7
2026-10-06T07:53:27Z Compress-19 COMPLETE_VALID wall=29.8
2026-10-06T07:58:07Z Closure-137 MUTATION_FAILURE wall=279.2
2026-10-06T07:58:59Z Time-26 MUTATION_FAILURE wall=51.4
2026-10-06T07:59:05Z Jsoup-92 TIMEOUT wall=1800.6
2026-10-06T07:59:06Z Cli-24 MUTATION_FAILURE wall=7.4
2026-10-06T07:59:39Z Jsoup-69 COMPLETE_VALID wall=32.2
2026-10-06T08:03:38Z Closure-100 COMPLETE_VALID wall=238.3
2026-10-06T08:04:41Z Gson-12 COMPLETE_VALID wall=62.5
2026-10-06T08:05:29Z JacksonDatabind-33 MUTATION_FAILURE wall=47.7
2026-10-06T08:05:36Z Cli-26 MUTATION_FAILURE wall=7.1
2026-10-06T08:17:51Z Jsoup-67 TIMEOUT wall=1800.5
2026-10-06T08:18:55Z Math-32 COMPLETE_VALID wall=63.2
2026-10-06T08:29:06Z Closure-134 TIMEOUT wall=1800.6
2026-10-06T08:30:03Z Codec-6 COMPLETE_VALID wall=57.0
2026-10-06T08:30:31Z Chart-21 COMPLETE_VALID wall=27.0
2026-10-06T08:35:38Z Math-71 TIMEOUT wall=1801.1
2026-10-06T08:39:32Z Closure-15 COMPLETE_VALID wall=1236.6
2026-10-06T08:40:19Z JacksonDatabind-26 MUTATION_FAILURE wall=46.8
2026-10-06T08:40:39Z Jsoup-47 COMPLETE_VALID wall=301.1
2026-10-06T08:41:20Z Time-3 COMPLETE_VALID wall=60.1
2026-10-06T08:43:53Z JacksonCore-1 COMPLETE_VALID wall=193.2
2026-10-06T08:46:07Z Closure-84 MUTATION_FAILURE wall=286.8
2026-10-06T08:46:54Z JacksonDatabind-77 MUTATION_FAILURE wall=47.0
2026-10-06T08:47:09Z Jsoup-73 COMPLETE_VALID wall=14.3
2026-10-06T08:48:35Z Jsoup-17 COMPLETE_VALID wall=1084.2
2026-10-06T08:48:47Z Collections-23 COMPLETE_VALID wall=11.7
2026-10-06T08:51:25Z Closure-99 COMPLETE_VALID wall=255.8
2026-10-06T08:51:58Z Collections-1 COMPLETE_VALID wall=32.4
2026-10-06T08:52:21Z Jsoup-25 COMPLETE_VALID wall=212.8
2026-10-06T08:53:08Z JacksonDatabind-53 MUTATION_FAILURE wall=47.3
2026-10-06T08:54:31Z Cli-34 COMPLETE_VALID wall=82.7
2026-10-06T08:54:54Z Csv-1 COMPLETE_VALID wall=22.0
2026-10-06T09:08:29Z Jsoup-34 COMPLETE_VALID wall=990.3
2026-10-06T09:08:46Z Collections-27 COMPLETE_VALID wall=17.0
2026-10-06T09:13:54Z Closure-89 TIMEOUT wall=1800.8
2026-10-06T09:24:55Z Time-14 TIMEOUT wall=1801.2
2026-10-06T09:28:57Z JacksonCore-18 COMPLETE_VALID wall=902.8
2026-10-06T09:29:41Z Compress-14 COMPLETE_VALID wall=43.8
2026-10-06T09:31:05Z Mockito-30 COMPLETE_VALID wall=83.3
2026-10-06T09:31:51Z JacksonDatabind-16 MUTATION_FAILURE wall=46.3
2026-10-06T09:32:15Z Jsoup-42 COMPLETE_VALID wall=23.5
2026-10-06T09:38:47Z Jsoup-90 TIMEOUT wall=1800.7
2026-10-06T09:39:53Z JacksonDatabind-36 MUTATION_FAILURE wall=65.2
2026-10-06T09:41:02Z JacksonDatabind-71 MUTATION_FAILURE wall=68.0
2026-10-06T09:54:56Z Chart-14 TIMEOUT wall=1800.5
2026-10-06T10:02:16Z Jsoup-72 TIMEOUT wall=1800.6
2026-10-06T10:03:05Z Cli-32 COMPLETE_VALID wall=47.7
2026-10-06T10:03:26Z Closure-21 MUTATION_FAILURE wall=509.2
2026-10-06T10:11:03Z Closure-25 TIMEOUT wall=1800.8
2026-10-06T10:13:08Z Closure-10 MUTATION_FAILURE wall=581.6
2026-10-06T10:21:00Z Closure-2 MUTATION_FAILURE wall=596.8
2026-10-06T10:24:15Z Compress-29 COMPLETE_VALID wall=1269.8
2026-10-06T10:24:29Z Collections-11 COMPLETE_VALID wall=13.7
2026-10-06T10:25:09Z Jsoup-37 COMPLETE_VALID wall=248.1
2026-10-06T10:25:31Z Compress-7 COMPLETE_VALID wall=21.6
2026-10-06T10:28:45Z Jsoup-2 COMPLETE_VALID wall=256.1
2026-10-06T10:29:36Z JacksonDatabind-81 MUTATION_FAILURE wall=50.8
2026-10-06T10:37:42Z Jsoup-43 COMPLETE_VALID wall=484.8
2026-10-06T10:38:03Z Chart-23 COMPLETE_VALID wall=20.8
2026-10-06T10:43:09Z Time-9 TIMEOUT wall=1800.4
2026-10-06T10:46:18Z Closure-168 MUTATION_FAILURE wall=494.3
2026-10-06T10:46:24Z Cli-11 MUTATION_FAILURE wall=5.9
2026-10-06T10:49:23Z Math-72 COMPLETE_VALID wall=373.6
2026-10-06T10:55:32Z JacksonCore-12 TIMEOUT wall=1801.0
2026-10-06T10:55:39Z Cli-39 COMPLETE_VALID wall=5.9
2026-10-06T11:00:17Z Math-46 COMPLETE_VALID wall=832.2
2026-10-06T11:00:47Z JacksonDatabind-43 MUTATION_FAILURE wall=30.4
2026-10-06T11:01:44Z Collections-20 COMPLETE_VALID wall=56.1
2026-10-06T11:07:57Z Compress-30 COMPLETE_VALID wall=1113.8
2026-10-06T11:09:01Z JacksonCore-3 COMPLETE_VALID wall=801.7
2026-10-06T11:13:10Z Closure-7 MUTATION_FAILURE wall=685.8
2026-10-06T11:14:11Z Math-61 COMPLETE_VALID wall=60.6
2026-10-06T11:14:28Z Closure-173 MUTATION_FAILURE wall=326.9
2026-10-06T11:14:39Z Mockito-9 BUILD_FAILURE wall=11.1
2026-10-06T11:16:03Z Closure-31 MUTATION_FAILURE wall=485.8
2026-10-06T11:16:48Z Mockito-32 COMPLETE_VALID wall=128.1
2026-10-06T11:17:42Z JacksonDatabind-110 COMPLETE_VALID wall=53.3
2026-10-06T11:18:08Z Chart-22 COMPLETE_VALID wall=26.4
2026-10-06T11:20:01Z Jsoup-79 COMPLETE_VALID wall=112.7
2026-10-06T11:24:37Z Closure-71 MUTATION_FAILURE wall=275.4
2026-10-06T11:25:23Z Closure-111 COMPLETE_VALID wall=559.7
2026-10-06T11:25:26Z Cli-33 COMPLETE_VALID wall=48.7
2026-10-06T11:25:42Z JxPath-8 COMPLETE_VALID wall=15.2
2026-10-06T11:26:36Z Compress-46 COMPLETE_VALID wall=53.3
2026-10-06T11:28:15Z Gson-2 COMPLETE_VALID wall=171.8
2026-10-06T11:30:35Z Time-4 COMPLETE_VALID wall=239.1
2026-10-06T11:34:59Z Closure-152 MUTATION_FAILURE wall=263.1
2026-10-06T11:35:08Z Jsoup-14 COMPLETE_VALID wall=1256.8
2026-10-06T11:35:44Z JacksonDatabind-5 MUTATION_FAILURE wall=35.5
2026-10-06T11:36:45Z Compress-4 COMPLETE_VALID wall=106.0
2026-10-06T11:37:04Z Compress-38 COMPLETE_VALID wall=528.5
2026-10-06T11:37:13Z JacksonCore-15 COMPLETE_VALID wall=27.3
2026-10-06T11:37:15Z JacksonCore-16 COMPLETE_VALID wall=10.5
2026-10-06T11:37:45Z Collections-6 COMPLETE_VALID wall=32.2
2026-10-06T11:38:37Z JacksonDatabind-80 MUTATION_FAILURE wall=51.1
2026-10-06T11:38:53Z Math-90 COMPLETE_VALID wall=15.6
2026-10-06T11:39:37Z JacksonDatabind-52 MUTATION_FAILURE wall=43.8
2026-10-06T11:40:15Z JacksonDatabind-21 MUTATION_FAILURE wall=37.9
2026-10-06T11:40:53Z JacksonDatabind-2 MUTATION_FAILURE wall=37.8
2026-10-06T11:46:43Z Closure-124 COMPLETE_VALID wall=658.7
2026-10-06T11:55:50Z Closure-110 MUTATION_FAILURE wall=546.3
2026-10-06T11:59:22Z Closure-67 COMPLETE_VALID wall=1108.8
2026-10-06T12:00:26Z Gson-3 COMPLETE_VALID wall=63.6
2026-10-06T12:00:32Z Closure-161 COMPLETE_VALID wall=1396.3
2026-10-06T12:01:09Z JacksonDatabind-41 MUTATION_FAILURE wall=42.0
2026-10-06T12:01:35Z Chart-20 COMPLETE_VALID wall=25.8
2026-10-06T12:01:36Z Compress-28 COMPLETE_VALID wall=63.5
2026-10-06T12:04:36Z Gson-11 COMPLETE_VALID wall=180.2
2026-10-06T12:05:25Z Math-44 COMPLETE_VALID wall=229.2
2026-10-06T12:09:50Z Closure-60 MUTATION_FAILURE wall=265.2
2026-10-06T12:09:58Z Csv-2 COMPLETE_VALID wall=7.4
2026-10-06T12:14:15Z Compress-36 COMPLETE_VALID wall=577.9
2026-10-06T12:18:50Z Jsoup-13 COMPLETE_VALID wall=532.0
2026-10-06T12:19:36Z JacksonDatabind-90 MUTATION_FAILURE wall=45.7
2026-10-06T12:23:04Z Closure-171 MUTATION_FAILURE wall=528.9
2026-10-06T12:23:46Z JacksonCore-22 COMPLETE_VALID wall=41.5
2026-10-06T12:24:18Z Closure-34 MUTATION_FAILURE wall=281.2
2026-10-06T12:24:40Z Jsoup-36 COMPLETE_VALID wall=21.9
2026-10-06T12:24:52Z Jsoup-50 COMPLETE_VALID wall=65.9
2026-10-06T12:25:02Z Collections-24 COMPLETE_VALID wall=10.1
2026-10-06T12:25:14Z Jsoup-62 MUTATION_FAILURE wall=11.5
2026-10-06T12:25:51Z Closure-115 TIMEOUT wall=1800.8
2026-10-06T12:30:07Z Closure-51 MUTATION_FAILURE wall=255.8
2026-10-06T12:30:30Z Chart-7 COMPLETE_VALID wall=22.6
2026-10-06T12:30:36Z Cli-4 MUTATION_FAILURE wall=6.0
2026-10-06T12:30:51Z Math-105 COMPLETE_VALID wall=14.0
2026-10-06T12:36:35Z Compress-35 COMPLETE_VALID wall=680.3
2026-10-06T12:43:56Z Math-47 COMPLETE_VALID wall=784.9
2026-10-06T12:44:02Z Cli-9 MUTATION_FAILURE wall=5.3
2026-10-06T12:45:14Z Compress-17 COMPLETE_VALID wall=72.4
2026-10-06T12:45:37Z Compress-47 MUTATION_FAILURE wall=22.4
2026-10-06T12:46:02Z Collections-22 COMPLETE_VALID wall=24.6
2026-10-06T12:48:05Z Jsoup-31 COMPLETE_VALID wall=689.7
2026-10-06T12:48:43Z JacksonDatabind-13 MUTATION_FAILURE wall=37.3
2026-10-06T12:53:02Z Math-94 COMPLETE_VALID wall=419.4
2026-10-06T12:54:41Z Jsoup-51 TIMEOUT wall=1800.5
2026-10-06T12:55:22Z Csv-11 COMPLETE_VALID wall=40.3
2026-10-06T12:56:19Z Jsoup-41 COMPLETE_VALID wall=455.9
2026-10-06T12:57:02Z JacksonDatabind-95 MUTATION_FAILURE wall=42.5
2026-10-06T12:57:55Z Closure-123 MUTATION_FAILURE wall=292.7
2026-10-06T12:59:47Z Closure-154 MUTATION_FAILURE wall=264.7
2026-10-06T13:00:45Z JacksonCore-4 COMPLETE_VALID wall=169.7
2026-10-06T13:01:03Z Math-75 COMPLETE_VALID wall=17.4
2026-10-06T13:05:46Z Closure-122 MUTATION_FAILURE wall=524.0
2026-10-06T13:15:58Z Gson-15 COMPLETE_VALID wall=611.3
2026-10-06T13:17:54Z Jsoup-74 COMPLETE_VALID wall=1011.0
2026-10-06T13:18:35Z JacksonDatabind-24 MUTATION_FAILURE wall=40.3
2026-10-06T13:19:05Z Math-62 COMPLETE_VALID wall=29.6
2026-10-06T13:19:07Z JacksonCore-8 COMPLETE_VALID wall=188.4
2026-10-06T13:27:30Z Closure-27 MUTATION_FAILURE wall=503.0
2026-10-06T13:29:48Z Closure-175 TIMEOUT wall=1800.6
2026-10-06T13:29:54Z Cli-12 MUTATION_FAILURE wall=6.2
2026-10-06T13:31:33Z Time-1 COMPLETE_VALID wall=747.7
2026-10-06T13:35:53Z Closure-90 MUTATION_FAILURE wall=260.2
2026-10-06T13:36:57Z Mockito-31 COMPLETE_VALID wall=63.4
2026-10-06T13:37:08Z Mockito-10 BUILD_FAILURE wall=10.7
2026-10-06T13:43:09Z Math-52 COMPLETE_VALID wall=794.9
2026-10-06T13:43:44Z JacksonDatabind-28 COMPLETE_VALID wall=33.9
2026-10-06T13:43:57Z Collections-13 COMPLETE_VALID wall=13.1
2026-10-06T13:45:34Z Mockito-25 COMPLETE_VALID wall=96.1
2026-10-06T13:53:45Z Closure-37 MUTATION_FAILURE wall=490.3
2026-10-06T13:57:31Z Gson-7 TIMEOUT wall=1800.9
2026-10-06T13:57:47Z Codec-16 COMPLETE_VALID wall=241.6
2026-10-06T13:58:29Z JacksonDatabind-57 MUTATION_FAILURE wall=41.7
2026-10-06T13:59:09Z JacksonDatabind-46 MUTATION_FAILURE wall=39.6
2026-10-06T13:59:45Z Time-10 COMPLETE_VALID wall=36.2
2026-10-06T13:59:59Z Collections-9 COMPLETE_VALID wall=13.2
2026-10-06T14:00:29Z Mockito-15 COMPLETE_VALID wall=29.7
2026-10-06T14:00:53Z Mockito-29 COMPLETE_VALID wall=23.6
2026-10-06T14:07:09Z Closure-92 TIMEOUT wall=1800.8
2026-10-06T14:07:20Z Jsoup-61 MUTATION_FAILURE wall=10.5
2026-10-06T14:08:24Z JacksonXml-1 COMPLETE_VALID wall=652.6
2026-10-06T14:09:21Z Compress-37 COMPLETE_VALID wall=507.8
2026-10-06T14:09:53Z Jsoup-29 COMPLETE_VALID wall=31.3
2026-10-06T14:22:41Z Gson-9 COMPLETE_VALID wall=768.0
2026-10-06T14:22:55Z Jsoup-27 COMPLETE_VALID wall=13.3
2026-10-06T14:37:21Z Closure-176 TIMEOUT wall=1800.7
2026-10-06T14:38:26Z Gson-4 TIMEOUT wall=1800.9
complete_valid=491
